// Jest Snapshot v1, https://goo.gl/fbAQLP

exports[`Breadcrumb renders as expected 1`] = `
<div
  className="navbar"
/>
`;
