// Jest Snapshot v1, https://goo.gl/fbAQLP

exports[`Breadcrumb renders as expected 1`] = `
<li>
  <a
    href="/"
  >
    Home
  </a>
</li>
`;
