// Jest Snapshot v1, https://goo.gl/fbAQLP

exports[`It renders as expected 1`] = `
<div
  className="card"
>
  
  
</div>
`;
